[vivendodecripto.com/sinais/index.html]
[backblue.gif]
[fade.gif]
[index.html]
[vivendodecripto.com/sinais/js/fbevents.js]
[vivendodecripto.com/sinais/css/stripe-settings.css]
[vivendodecripto.com/sinais/css/woocommerce-layout.css]
[vivendodecripto.com/sinais/css/woocommerce-smallscreen.css]
[vivendodecripto.com/sinais/css/woocommerce-blocktheme.css]
[vivendodecripto.com/sinais/css/twenty-twenty-three.css]
[vivendodecripto.com/sinais/css/style.min.css]
[vivendodecripto.com/sinais/css/latest.css]
[vivendodecripto.com/sinais/css/live-site-control.css]
[vivendodecripto.com/sinais/css/elementor-icons.min.css]
[vivendodecripto.com/sinais/css/frontend-lite.min.css]
[vivendodecripto.com/sinais/css/swiper.min.css]
[vivendodecripto.com/sinais/css/post-26.css]
[vivendodecripto.com/sinais/css/post-1232.css]
[vivendodecripto.com/sinais/js/jquery.min.js]
[vivendodecripto.com/sinais/js/jquery-migrate.min.js]
[vivendodecripto.com/sinais/js/jquery.blockUI.min.js]
[vivendodecripto.com/sinais/js/add-to-cart.min.js]
[vivendodecripto.com/sinais/js/js.cookie.min.js]
[vivendodecripto.com/sinais/js/woocommerce.min.js]
[vivendodecripto.com/sinais/fonts/DMSans-Regular.woff2]
[vivendodecripto.com/sinais/fonts/DMSans-Regular-Italic.woff2]
[vivendodecripto.com/sinais/fonts/DMSans-Bold.woff2]
[vivendodecripto.com/sinais/fonts/DMSans-Bold-Italic.woff2]
[vivendodecripto.com/sinais/fonts/IBMPlexMono-Light.woff2]
[vivendodecripto.com/sinais/fonts/IBMPlexMono-Regular.woff2]
[vivendodecripto.com/sinais/fonts/IBMPlexMono-Italic.woff2]
[vivendodecripto.com/sinais/fonts/IBMPlexMono-Bold.woff2]
[vivendodecripto.com/sinais/fonts/SourceSerif4Variable-Roman.ttf.woff2]
[vivendodecripto.com/sinais/fonts/Inter-VariableFont_slnt,wght.ttf]
[vivendodecripto.com/sinais/fonts/SourceSerif4Variable-Italic.ttf.woff2]
[vivendodecripto.com/sinais/js/wp-emoji-release.min.js]
[vivendodecripto.com/sinais/images/INDICADOR-LUCRO-CERTO-e1707410130776.png]
[cdn.utmify.com.br/scripts/pixel/pixel.js]
[connect.facebook.net/en_US/fbevents.js]
[cdn.converteai.net/lib/js/smartplayer/v1/sdk.min.js]
[vivendodecripto.com/sinais/images/Captura-de-Tela-2023-11-18-as-16.45.44.png]
[vivendodecripto.com/sinais/images/Captura-de-Tela-2023-11-18-as-16.46.43.png]
[vivendodecripto.com/sinais/css/wc-blocks.css]
[vivendodecripto.com/sinais/css/animations.min.css]
[vivendodecripto.com/sinais/js/sourcebuster.min.js]
[vivendodecripto.com/sinais/js/order-attribution.min.js]
[vivendodecripto.com/sinais/js/wp-polyfill-inert.min.js]
[vivendodecripto.com/sinais/js/regenerator-runtime.min.js]
[vivendodecripto.com/sinais/js/wp-polyfill.min.js]
[vivendodecripto.com/sinais/js/react.min.js]
[vivendodecripto.com/sinais/js/hooks.min.js]
[vivendodecripto.com/sinais/js/i18n.min.js]
[vivendodecripto.com/sinais/js/url.min.js]
[vivendodecripto.com/sinais/js/api-fetch.min.js]
[vivendodecripto.com/sinais/js/react-dom.min.js]
[vivendodecripto.com/sinais/js/dom-ready.min.js]
[vivendodecripto.com/sinais/js/a11y.min.js]
[vivendodecripto.com/sinais/js/deprecated.min.js]
[vivendodecripto.com/sinais/js/dom.min.js]
[vivendodecripto.com/sinais/js/escape-html.min.js]
[vivendodecripto.com/sinais/js/element.min.js]
[vivendodecripto.com/sinais/js/is-shallow-equal.min.js]
[vivendodecripto.com/sinais/js/keycodes.min.js]
[vivendodecripto.com/sinais/js/priority-queue.min.js]
[vivendodecripto.com/sinais/js/compose.min.js]
[vivendodecripto.com/sinais/js/moment.min.js]
[vivendodecripto.com/sinais/js/date.min.js]
[vivendodecripto.com/sinais/js/html-entities.min.js]
[vivendodecripto.com/sinais/js/primitives.min.js]
[vivendodecripto.com/sinais/js/private-apis.min.js]
[vivendodecripto.com/sinais/js/redux-routine.min.js]
[vivendodecripto.com/sinais/js/data.min.js]
[vivendodecripto.com/sinais/js/rich-text.min.js]
[vivendodecripto.com/sinais/js/warning.min.js]
[vivendodecripto.com/sinais/js/components.min.js]
[vivendodecripto.com/sinais/js/blob.min.js]
[vivendodecripto.com/sinais/js/autop.min.js]
[vivendodecripto.com/sinais/js/block-serialization-default-parser.min.js]
[vivendodecripto.com/sinais/js/shortcode.min.js]
[vivendodecripto.com/sinais/js/blocks.min.js]
[vivendodecripto.com/sinais/js/keyboard-shortcuts.min.js]
[vivendodecripto.com/sinais/js/commands.min.js]
[vivendodecripto.com/sinais/js/notices.min.js]
[vivendodecripto.com/sinais/js/preferences-persistence.min.js]
[vivendodecripto.com/sinais/js/preferences.min.js]
[vivendodecripto.com/sinais/js/style-engine.min.js]
[vivendodecripto.com/sinais/js/token-list.min.js]
[vivendodecripto.com/sinais/js/wordcount.min.js]
[vivendodecripto.com/sinais/js/block-editor.min.js]
[vivendodecripto.com/sinais/js/core-data.min.js]
[vivendodecripto.com/sinais/js/live-site-control.js]
[vivendodecripto.com/sinais/js/webpack.runtime.min.js]
[vivendodecripto.com/sinais/js/frontend-modules.min.js]
[vivendodecripto.com/sinais/js/waypoints.min.js]
[vivendodecripto.com/sinais/js/core.min.js]
[vivendodecripto.com/sinais/js/frontend.min.js]
[vivendodecripto.com/sinais/js/scc-c2.min.js]
[vivendodecripto.com/sinais/index.html]
[vivendodecripto.com/sinais/js/tti.min.js]
[vivendodecripto.com/sinais/a]
[vivendodecripto.com/sinais/POST]
[vivendodecripto.com/sinais/b.resolvedLink]
[vivendodecripto.com/sinais/schema.org/index.html]
[vivendodecripto.com/signals/iwl.js]
[vivendodecripto.com/sinais/js/fbevents.js]
[vivendodecripto.com/sinais/css/stripe-settings.css]
[vivendodecripto.com/sinais/css/woocommerce-layout.css]
[vivendodecripto.com/sinais/css/woocommerce-smallscreen.css]
[vivendodecripto.com/sinais/fonts/WooCommerce.woff2]
[vivendodecripto.com/sinais/fonts/WooCommerce.woff]
[vivendodecripto.com/sinais/css/woocommerce-blocktheme.css]
[vivendodecripto.com/sinais/fonts/WooCommerce.ttf]
[vivendodecripto.com/sinais/css/twenty-twenty-three.css]
[vivendodecripto.com/sinais/css/style.min.css]
[vivendodecripto.com/sinais/css/latest.css]
[vivendodecripto.com/sinais/css/live-site-control.css]
[vivendodecripto.com/sinais/fonts/eicons.eot]
[vivendodecripto.com/sinais/fonts/eicons.woff2]
[vivendodecripto.com/sinais/fonts/eicons.woff]
[vivendodecripto.com/sinais/fonts/eicons.ttf]
[vivendodecripto.com/sinais/css/elementor-icons.min.css]
[vivendodecripto.com/sinais/css/frontend-lite.min.css]
[vivendodecripto.com/sinais/css/swiper.min.css]
[vivendodecripto.com/sinais/css/post-26.css]
[vivendodecripto.com/sinais/css/post-1232.css]
[vivendodecripto.com/sinais/js/jquery.min.js]
[vivendodecripto.com/sinais/js/jquery-migrate.min.js]
[vivendodecripto.com/sinais/js/jquery.blockUI.min.js]
[vivendodecripto.com/sinais/js/add-to-cart.min.js]
[vivendodecripto.com/sinais/js/js.cookie.min.js]
[vivendodecripto.com/sinais/js/woocommerce.min.js]
[vivendodecripto.com/sinais/js/wp-emoji-release.min.js]
[connect.facebook.net/en_US/fbevents.js]
[vivendodecripto.com/sinais/images/Captura-de-Tela-2023-11-18-as-16.45.44.html]
[vivendodecripto.com/sinais/images/Captura-de-Tela-2023-11-18-as-16.46.43.html]
[vivendodecripto.com/sinais/css/wc-blocks.css]
[vivendodecripto.com/sinais/css/animations.min.css]
[vivendodecripto.com/sinais/js/sourcebuster.min.js]
[vivendodecripto.com/sinais/js/order-attribution.min.js]
[vivendodecripto.com/sinais/js/wp-polyfill-inert.min.js]
[vivendodecripto.com/sinais/js/regenerator-runtime.min.js]
[vivendodecripto.com/sinais/js/wp-polyfill.min.js]
[vivendodecripto.com/sinais/js/react.min.js]
[vivendodecripto.com/sinais/js/hooks.min.js]
[vivendodecripto.com/sinais/js/i18n.min.js]
[vivendodecripto.com/sinais/images/eicons.svg]
[vivendodecripto.com/sinais/$&/index.html]
[vivendodecripto.com/sinais/js/url.min.js]
[vivendodecripto.com/sinais/js/api-fetch.min.js]
[vivendodecripto.com/sinais/js/react-dom.min.js]
[vivendodecripto.com/sinais/js/dom-ready.min.js]
[vivendodecripto.com/sinais/js/a11y.min.js]
[vivendodecripto.com/sinais/js/deprecated.min.js]
[vivendodecripto.com/sinais/js/dom.min.js]
[vivendodecripto.com/sinais/js/escape-html.min.js]
[vivendodecripto.com/sinais/js/element.min.js]
[vivendodecripto.com/sinais/js/is-shallow-equal.min.js]
[vivendodecripto.com/sinais/js/keycodes.min.js]
[vivendodecripto.com/sinais/js/priority-queue.min.js]
[vivendodecripto.com/sinais/js/compose.min.js]
[vivendodecripto.com/sinais/js/moment.min.js]
[vivendodecripto.com/sinais/moment-timezone-utils.js must be loaded after moment-timezone.js]
[vivendodecripto.com/sinais/js/date.min.js]
[vivendodecripto.com/sinais/js/html-entities.min.js]
[vivendodecripto.com/sinais/js/primitives.min.js]
[vivendodecripto.com/sinais/js/private-apis.min.js]
[vivendodecripto.com/sinais/js/redux-routine.min.js]
[vivendodecripto.com/sinais/js/data.min.js]
[vivendodecripto.com/sinais/js/rich-text.min.js]
[vivendodecripto.com/sinais/js/warning.min.js]
[vivendodecripto.com/sinais/js/components.min.js]
[vivendodecripto.com/sinais/js/blob.min.js]
[vivendodecripto.com/sinais/js/autop.min.js]
[vivendodecripto.com/sinais/js/block-serialization-default-parser.min.js]
[vivendodecripto.com/sinais/js/shortcode.min.js]
[vivendodecripto.com/sinais/applewebkit/index.html]
[vivendodecripto.com/sinais/chrome/index.html]
[vivendodecripto.com/sinais/makeMarkdown.6d.delayed]
[vivendodecripto.com/sinais/js/blocks.min.js]
[vivendodecripto.com/sinais/js/keyboard-shortcuts.min.js]
[vivendodecripto.com/sinais/js/commands.min.js]
[vivendodecripto.com/sinais/js/notices.min.js]
[vivendodecripto.com/sinais/js/preferences-persistence.min.js]
[vivendodecripto.com/sinais/js/preferences.min.js]
[vivendodecripto.com/sinais/js/style-engine.min.js]
[vivendodecripto.com/sinais/js/token-list.min.js]
[vivendodecripto.com/sinais/js/wordcount.min.js]
[vivendodecripto.com/sinais/o,e.rootUrl]
[vivendodecripto.com/sinais/u.source,this.map.consumer]
[vivendodecripto.com/sinais/core/index.html]
[vivendodecripto.com/sinais/image/index.html]
[vivendodecripto.com/sinais/n]
[vivendodecripto.com/sinais/js/block-editor.min.js]
[vivendodecripto.com/sinais/js/core-data.min.js]
[vivendodecripto.com/sinais/post.php]
[vivendodecripto.com/sinais/js/live-site-control.js]
[vivendodecripto.com/sinais/js/webpack.runtime.min.js]
[vivendodecripto.com/sinais/js/frontend-modules.min.js]
[vivendodecripto.com/sinais/js/waypoints.min.js]
[vivendodecripto.com/sinais/js/core.min.js]
[vivendodecripto.com/sinais/-negative.svg]
[vivendodecripto.com/sinais/js/frontend.min.js]
[vivendodecripto.com/sinais/js/scc-c2.min.js]
[vivendodecripto.com/sinais/js/tti.min.js]
[vivendodecripto.com/sinais/a.html]
[vivendodecripto.com/sinais/POST.html]
[vivendodecripto.com/sinais/schema.org/index.html]
[vivendodecripto.com/sinais/b.html]
[vivendodecripto.com/signals/iwl.html]
[vivendodecripto.com/sinais/images/loader.svg]
[vivendodecripto.com/sinais/images/eicons.svg]
[vivendodecripto.com/sinais/$&/index.html]
[vivendodecripto.com/sinais/moment-timezone-utils.js must be loaded after moment-timezone.html]
[vivendodecripto.com/sinais/Moment Timezone requires Moment.js. See https_/momentjs.com/timezone/docs/index.html]
[vivendodecripto.com/sinais/applewebkit/index.html]
[vivendodecripto.com/sinais/chrome/index.html]
[vivendodecripto.com/sinais/makeMarkdown.html]
[vivendodecripto.com/sinais/o,e.html]
[vivendodecripto.com/sinais/u.source,this.map.html]
[vivendodecripto.com/sinais/core/index.html]
[vivendodecripto.com/sinais/image/index.html]
[vivendodecripto.com/sinais/n.html]
[vivendodecripto.com/sinais/post-2.html]
[vivendodecripto.com/sinais/-negative.html]
[vivendodecripto.com/sinais/OPR/index.html]
[vivendodecripto.com/sinais/OPR/index.html]
